INFO:root:TEST
INFO:root:fhjdf
INFO:root:dfhdjfkf
INFO:root:TEST
INFO:root:fhjdf
INFO:root:dfhdjfkf
INFO:root:START
INFO:root:TEST
INFO:root:fhjdf
INFO:root:dfhdjfkf
INFO:root:START
INFO:root:TEST
INFO:root:fhjdf
INFO:root:dfhdjfkf
INFO:root:START
INFO:root:TEST
INFO:root:fhjdf
INFO:root:dfhdjfkf
INFO:root:START
INFO:root:TEST
INFO:root:fhjdf
INFO:root:dfhdjfkf
